Running Gradle task 'assembleRelease'...                        
Font asset "MaterialIcons-Regular.otf" was tree-shaken, reducing it from 1645184 to 2812 bytes (99.8% reduction). Tree-shaking can be disabled by providing the --no-tree-shake-icons flag when building your app.
